// Vitest Snapshot v1, https://vitest.dev/guide/snapshot.html

exports[`SignInForm snapshot tests > should match the snapshot 1`] = `
<DocumentFragment>
  <form
    class="css-yy6bga-FormGroup ehsd8nj0"
  >
    <div
      class="css-1jddbb8-AuthHeaderWrapper e9u5y0k0"
    >
      <svg
        aria-hidden="true"
        class="lucide lucide-tv-minimal-play"
        fill="none"
        height="42"
        stroke="currentColor"
        stroke-linecap="round"
        stroke-linejoin="round"
        stroke-width="2"
        viewBox="0 0 24 24"
        width="42"
        xmlns="http://www.w3.org/2000/svg"
      >
        <path
          d="M15.033 9.44a.647.647 0 0 1 0 1.12l-4.065 2.352a.645.645 0 0 1-.968-.56V7.648a.645.645 0 0 1 .967-.56z"
        />
        <path
          d="M7 21h10"
        />
        <rect
          height="14"
          rx="2"
          width="20"
          x="2"
          y="3"
        />
      </svg>
      <h1
        class="css-qp5el5-FormTitle e8ejt590"
      >
        Sign up to ErrorTube
      </h1>
    </div>
    <hr
      class="css-vz4ju1-HorizLineStyles e5bei4q0"
    />
    <input
      class="css-e6t09f-FormInputStyles e6mwxlc0"
      name="email"
      placeholder="Email"
      type="text"
    />
    <input
      class="css-e6t09f-FormInputStyles e6mwxlc0"
      name="password"
      placeholder="Password"
      type="password"
    />
    <button
      class="css-3kh0iv-FormButton ey3ubsf1"
      type="submit"
    >
      Sign In
    </button>
    <a
      href="/signup"
    >
      Sign Up
    </a>
  </form>
</DocumentFragment>
`;
